------------------------------------------------------------
TimeQuest Timing Analyzer Summary
------------------------------------------------------------

Type  : Slow Model Setup 'CLOCK_50'
Slack : -2.567
TNS   : -119.850

Type  : Slow Model Setup 'frequency_rot:divisor|clock_1hz'
Slack : -1.146
TNS   : -2.352

Type  : Slow Model Setup 'counter_rot:contador|value[1]'
Slack : -0.874
TNS   : -1.736

Type  : Slow Model Hold 'CLOCK_50'
Slack : -2.533
TNS   : -2.533

Type  : Slow Model Hold 'frequency_rot:divisor|clock_1hz'
Slack : -2.229
TNS   : -3.799

Type  : Slow Model Hold 'counter_rot:contador|value[1]'
Slack : -2.087
TNS   : -4.067

Type  : Slow Model Minimum Pulse Width 'CLOCK_50'
Slack : -1.380
TNS   : -79.380

Type  : Slow Model Minimum Pulse Width 'frequency_rot:divisor|clock_1hz'
Slack : -0.500
TNS   : -4.000

Type  : Slow Model Minimum Pulse Width 'counter_rot:contador|value[1]'
Slack : 0.500
TNS   : 0.000

Type  : Fast Model Setup 'CLOCK_50'
Slack : -0.674
TNS   : -21.149

Type  : Fast Model Setup 'frequency_rot:divisor|clock_1hz'
Slack : -0.269
TNS   : -0.537

Type  : Fast Model Setup 'counter_rot:contador|value[1]'
Slack : -0.190
TNS   : -0.379

Type  : Fast Model Hold 'CLOCK_50'
Slack : -1.578
TNS   : -1.578

Type  : Fast Model Hold 'frequency_rot:divisor|clock_1hz'
Slack : -1.366
TNS   : -2.572

Type  : Fast Model Hold 'counter_rot:contador|value[1]'
Slack : -1.249
TNS   : -2.419

Type  : Fast Model Minimum Pulse Width 'CLOCK_50'
Slack : -1.380
TNS   : -79.380

Type  : Fast Model Minimum Pulse Width 'frequency_rot:divisor|clock_1hz'
Slack : -0.500
TNS   : -4.000

Type  : Fast Model Minimum Pulse Width 'counter_rot:contador|value[1]'
Slack : 0.500
TNS   : 0.000

------------------------------------------------------------
